------------------------------------------------------------
Timing Analyzer Summary
------------------------------------------------------------

Type  : Slow 1100mV 85C Model Setup 'KEY[0]'
Slack : -2.022
TNS   : -5.856

Type  : Slow 1100mV 85C Model Setup 'SW[1]'
Slack : -1.820
TNS   : -5.449

Type  : Slow 1100mV 85C Model Hold 'KEY[0]'
Slack : 0.383
TNS   : 0.000

Type  : Slow 1100mV 85C Model Hold 'SW[1]'
Slack : 0.630
TNS   : 0.000

Type  : Slow 1100mV 85C Model Minimum Pulse Width 'KEY[0]'
Slack : -0.538
TNS   : -2.306

Type  : Slow 1100mV 85C Model Minimum Pulse Width 'SW[1]'
Slack : 0.344
TNS   : 0.000

Type  : Slow 1100mV 0C Model Setup 'KEY[0]'
Slack : -1.962
TNS   : -5.538

Type  : Slow 1100mV 0C Model Setup 'SW[1]'
Slack : -1.926
TNS   : -5.741

Type  : Slow 1100mV 0C Model Hold 'KEY[0]'
Slack : 0.348
TNS   : 0.000

Type  : Slow 1100mV 0C Model Hold 'SW[1]'
Slack : 0.595
TNS   : 0.000

Type  : Slow 1100mV 0C Model Minimum Pulse Width 'KEY[0]'
Slack : -0.538
TNS   : -2.361

Type  : Slow 1100mV 0C Model Minimum Pulse Width 'SW[1]'
Slack : 0.266
TNS   : 0.000

Type  : Fast 1100mV 85C Model Setup 'KEY[0]'
Slack : -0.954
TNS   : -2.798

Type  : Fast 1100mV 85C Model Setup 'SW[1]'
Slack : -0.638
TNS   : -1.766

Type  : Fast 1100mV 85C Model Hold 'KEY[0]'
Slack : 0.181
TNS   : 0.000

Type  : Fast 1100mV 85C Model Hold 'SW[1]'
Slack : 0.542
TNS   : 0.000

Type  : Fast 1100mV 85C Model Minimum Pulse Width 'KEY[0]'
Slack : 0.058
TNS   : 0.000

Type  : Fast 1100mV 85C Model Minimum Pulse Width 'SW[1]'
Slack : 0.403
TNS   : 0.000

Type  : Fast 1100mV 0C Model Setup 'KEY[0]'
Slack : -0.804
TNS   : -2.375

Type  : Fast 1100mV 0C Model Setup 'SW[1]'
Slack : -0.554
TNS   : -1.551

Type  : Fast 1100mV 0C Model Hold 'KEY[0]'
Slack : 0.171
TNS   : 0.000

Type  : Fast 1100mV 0C Model Hold 'SW[1]'
Slack : 0.510
TNS   : 0.000

Type  : Fast 1100mV 0C Model Minimum Pulse Width 'KEY[0]'
Slack : 0.048
TNS   : 0.000

Type  : Fast 1100mV 0C Model Minimum Pulse Width 'SW[1]'
Slack : 0.410
TNS   : 0.000

------------------------------------------------------------
