------------------------------------------------------------
Timing Analyzer Summary
------------------------------------------------------------

Type  : Slow 1100mV 85C Model Setup 'CLK'
Slack : -0.371
TNS   : -1.480

Type  : Slow 1100mV 85C Model Hold 'CLK'
Slack : 0.217
TNS   : 0.000

Type  : Slow 1100mV 85C Model Minimum Pulse Width 'CLK'
Slack : -0.538
TNS   : -3.150

Type  : Slow 1100mV 0C Model Setup 'CLK'
Slack : -0.368
TNS   : -1.460

Type  : Slow 1100mV 0C Model Hold 'CLK'
Slack : 0.317
TNS   : 0.000

Type  : Slow 1100mV 0C Model Minimum Pulse Width 'CLK'
Slack : -0.538
TNS   : -3.494

Type  : Fast 1100mV 85C Model Setup 'CLK'
Slack : 0.439
TNS   : 0.000

Type  : Fast 1100mV 85C Model Hold 'CLK'
Slack : 0.140
TNS   : 0.000

Type  : Fast 1100mV 85C Model Minimum Pulse Width 'CLK'
Slack : -0.056
TNS   : -0.220

Type  : Fast 1100mV 0C Model Setup 'CLK'
Slack : 0.471
TNS   : 0.000

Type  : Fast 1100mV 0C Model Hold 'CLK'
Slack : 0.144
TNS   : 0.000

Type  : Fast 1100mV 0C Model Minimum Pulse Width 'CLK'
Slack : -0.071
TNS   : -0.280

------------------------------------------------------------
